This is pdfTeX, Version 3.141592653-2.6-1.40.27 (MiKTeX 25.4) (preloaded format=pdflatex 2025.12.30)  5 JAN 2026 00:05
entering extended mode
 restricted \write18 enabled.
 %&-line parsing enabled.
**./main.tex
(main.tex
LaTeX2e <2023-11-01> patch level 1
L3 programming layer <2024-01-04>

(C:\Users\Erick Serrato\AppData\Local\Programs\MiKTeX\tex/latex/base\report.cls
Document Class: report 2023/05/17 v1.4n Standard LaTeX document class

(C:\Users\Erick Serrato\AppData\Local\Programs\MiKTeX\tex/latex/base\size12.clo
File: size12.clo 2023/05/17 v1.4n Standard LaTeX file (size option)
)
\c@part=\count187
\c@chapter=\count188
\c@section=\count189
\c@subsection=\count190
\c@subsubsection=\count191
\c@paragraph=\count192
\c@subparagraph=\count193
\c@figure=\count194
\c@table=\count195
\abovecaptionskip=\skip48
\belowcaptionskip=\skip49
\bibindent=\dimen140
) (preamble.tex
(C:\Users\Erick Serrato\AppData\Local\Programs\MiKTeX\tex/generic/babel\babel.s
ty
Package: babel 2024/01/07 v24.1 The Babel package
\babel@savecnt=\count196
\U@D=\dimen141
\l@unhyphenated=\language79

(C:\Users\Erick Serrato\AppData\Local\Programs\MiKTeX\tex/generic/babel\txtbabe
l.def)
\bbl@readstream=\read2
\bbl@dirlevel=\count197

*************************************
* Local config file bblopts.cfg used
*

(C:\Users\Erick Serrato\AppData\Local\Programs\MiKTeX\tex/latex/arabi\bblopts.c
fg
File: bblopts.cfg 2005/09/08 v0.1 add Arabic and Farsi to "declared" options of
 babel
) (C:\Program Files\MiKTeX\tex/latex/babel-spanish\spanish.ldf
Language: spanish.ldf 2021/05/27 v5.0q Spanish support from the babel system
\es@quottoks=\toks17
\es@quotdepth=\count198
Package babel Info: Making " an active character on input line 570.
Package babel Info: Making . an active character on input line 675.
Package babel Info: Making < an active character on input line 722.
Package babel Info: Making > an active character on input line 722.
))
(C:\Users\Erick Serrato\AppData\Local\Programs\MiKTeX\tex/generic/babel/locale/
es\babel-spanish.tex
Package babel Info: Importing font and identification data for spanish
(babel)             from babel-es.ini. Reported on input line 11.
)
(C:\Users\Erick Serrato\AppData\Local\Programs\MiKTeX\tex/latex/base\fontenc.st
y
Package: fontenc 2021/04/29 v2.0v Standard LaTeX package
)
(C:\Users\Erick Serrato\AppData\Local\Programs\MiKTeX\tex/latex/base\inputenc.s
ty
Package: inputenc 2021/02/14 v1.3d Input encoding file
\inpenc@prehook=\toks18
\inpenc@posthook=\toks19
)
(C:\Users\Erick Serrato\AppData\Local\Programs\MiKTeX\tex/latex/lm\lmodern.sty
Package: lmodern 2015/05/01 v1.6.1 Latin Modern Fonts
LaTeX Font Info:    Overwriting symbol font `operators' in version `normal'
(Font)                  OT1/cmr/m/n --> OT1/lmr/m/n on input line 22.
LaTeX Font Info:    Overwriting symbol font `letters' in version `normal'
(Font)                  OML/cmm/m/it --> OML/lmm/m/it on input line 23.
LaTeX Font Info:    Overwriting symbol font `symbols' in version `normal'
(Font)                  OMS/cmsy/m/n --> OMS/lmsy/m/n on input line 24.
LaTeX Font Info:    Overwriting symbol font `largesymbols' in version `normal'
(Font)                  OMX/cmex/m/n --> OMX/lmex/m/n on input line 25.
LaTeX Font Info:    Overwriting symbol font `operators' in version `bold'
(Font)                  OT1/cmr/bx/n --> OT1/lmr/bx/n on input line 26.
LaTeX Font Info:    Overwriting symbol font `letters' in version `bold'
(Font)                  OML/cmm/b/it --> OML/lmm/b/it on input line 27.
LaTeX Font Info:    Overwriting symbol font `symbols' in version `bold'
(Font)                  OMS/cmsy/b/n --> OMS/lmsy/b/n on input line 28.
LaTeX Font Info:    Overwriting symbol font `largesymbols' in version `bold'
(Font)                  OMX/cmex/m/n --> OMX/lmex/m/n on input line 29.
LaTeX Font Info:    Overwriting math alphabet `\mathbf' in version `normal'
(Font)                  OT1/cmr/bx/n --> OT1/lmr/bx/n on input line 31.
LaTeX Font Info:    Overwriting math alphabet `\mathsf' in version `normal'
(Font)                  OT1/cmss/m/n --> OT1/lmss/m/n on input line 32.
LaTeX Font Info:    Overwriting math alphabet `\mathit' in version `normal'
(Font)                  OT1/cmr/m/it --> OT1/lmr/m/it on input line 33.
LaTeX Font Info:    Overwriting math alphabet `\mathtt' in version `normal'
(Font)                  OT1/cmtt/m/n --> OT1/lmtt/m/n on input line 34.
LaTeX Font Info:    Overwriting math alphabet `\mathbf' in version `bold'
(Font)                  OT1/cmr/bx/n --> OT1/lmr/bx/n on input line 35.
LaTeX Font Info:    Overwriting math alphabet `\mathsf' in version `bold'
(Font)                  OT1/cmss/bx/n --> OT1/lmss/bx/n on input line 36.
LaTeX Font Info:    Overwriting math alphabet `\mathit' in version `bold'
(Font)                  OT1/cmr/bx/it --> OT1/lmr/bx/it on input line 37.
LaTeX Font Info:    Overwriting math alphabet `\mathtt' in version `bold'
(Font)                  OT1/cmtt/m/n --> OT1/lmtt/m/n on input line 38.
) (C:\Program Files\MiKTeX\tex/latex/geometry\geometry.sty
Package: geometry 2020/01/02 v5.9 Page Geometry

(C:\Users\Erick Serrato\AppData\Local\Programs\MiKTeX\tex/latex/graphics\keyval
.sty
Package: keyval 2022/05/29 v1.15 key=value parser (DPC)
\KV@toks@=\toks20
)
(C:\Users\Erick Serrato\AppData\Local\Programs\MiKTeX\tex/generic/iftex\ifvtex.
sty
Package: ifvtex 2019/10/25 v1.7 ifvtex legacy package. Use iftex instead.

(C:\Users\Erick Serrato\AppData\Local\Programs\MiKTeX\tex/generic/iftex\iftex.s
ty
Package: iftex 2022/02/03 v1.0f TeX engine tests
))
\Gm@cnth=\count199
\Gm@cntv=\count266
\c@Gm@tempcnt=\count267
\Gm@bindingoffset=\dimen142
\Gm@wd@mp=\dimen143
\Gm@odd@mp=\dimen144
\Gm@even@mp=\dimen145
\Gm@layoutwidth=\dimen146
\Gm@layoutheight=\dimen147
\Gm@layouthoffset=\dimen148
\Gm@layoutvoffset=\dimen149
\Gm@dimlist=\toks21
 (C:\Program Files\MiKTeX\tex/latex/geometry\geometry.cfg))
(C:\Program Files\MiKTeX\tex/latex/setspace\setspace.sty
Package: setspace 2022/12/04 v6.7b set line spacing
)
(C:\Users\Erick Serrato\AppData\Local\Programs\MiKTeX\tex/latex/amsmath\amsmath
.sty
Package: amsmath 2023/05/13 v2.17o AMS math features
\@mathmargin=\skip50

For additional information on amsmath, use the `?' option.

(C:\Users\Erick Serrato\AppData\Local\Programs\MiKTeX\tex/latex/amsmath\amstext
.sty
Package: amstext 2021/08/26 v2.01 AMS text

(C:\Users\Erick Serrato\AppData\Local\Programs\MiKTeX\tex/latex/amsmath\amsgen.
sty
File: amsgen.sty 1999/11/30 v2.0 generic functions
\@emptytoks=\toks22
\ex@=\dimen150
))
(C:\Users\Erick Serrato\AppData\Local\Programs\MiKTeX\tex/latex/amsmath\amsbsy.
sty
Package: amsbsy 1999/11/29 v1.2d Bold Symbols
\pmbraise@=\dimen151
)
(C:\Users\Erick Serrato\AppData\Local\Programs\MiKTeX\tex/latex/amsmath\amsopn.
sty
Package: amsopn 2022/04/08 v2.04 operator names
)
\inf@bad=\count268
LaTeX Info: Redefining \frac on input line 234.
\uproot@=\count269
\leftroot@=\count270
LaTeX Info: Redefining \overline on input line 399.
LaTeX Info: Redefining \colon on input line 410.
\classnum@=\count271
\DOTSCASE@=\count272
LaTeX Info: Redefining \ldots on input line 496.
LaTeX Info: Redefining \dots on input line 499.
LaTeX Info: Redefining \cdots on input line 620.
\Mathstrutbox@=\box51
\strutbox@=\box52
LaTeX Info: Redefining \big on input line 722.
LaTeX Info: Redefining \Big on input line 723.
LaTeX Info: Redefining \bigg on input line 724.
LaTeX Info: Redefining \Bigg on input line 725.
\big@size=\dimen152
LaTeX Font Info:    Redeclaring font encoding OML on input line 743.
LaTeX Font Info:    Redeclaring font encoding OMS on input line 744.
\macc@depth=\count273
LaTeX Info: Redefining \bmod on input line 905.
LaTeX Info: Redefining \pmod on input line 910.
LaTeX Info: Redefining \smash on input line 940.
LaTeX Info: Redefining \relbar on input line 970.
LaTeX Info: Redefining \Relbar on input line 971.
\c@MaxMatrixCols=\count274
\dotsspace@=\muskip16
\c@parentequation=\count275
\dspbrk@lvl=\count276
\tag@help=\toks23
\row@=\count277
\column@=\count278
\maxfields@=\count279
\andhelp@=\toks24
\eqnshift@=\dimen153
\alignsep@=\dimen154
\tagshift@=\dimen155
\tagwidth@=\dimen156
\totwidth@=\dimen157
\lineht@=\dimen158
\@envbody=\toks25
\multlinegap=\skip51
\multlinetaggap=\skip52
\mathdisplay@stack=\toks26
LaTeX Info: Redefining \[ on input line 2953.
LaTeX Info: Redefining \] on input line 2954.
)
(C:\Users\Erick Serrato\AppData\Local\Programs\MiKTeX\tex/latex/amsfonts\amssym
b.sty
Package: amssymb 2013/01/14 v3.01 AMS font symbols

(C:\Users\Erick Serrato\AppData\Local\Programs\MiKTeX\tex/latex/amsfonts\amsfon
ts.sty
Package: amsfonts 2013/01/14 v3.01 Basic AMSFonts support
\symAMSa=\mathgroup4
\symAMSb=\mathgroup5
LaTeX Font Info:    Redeclaring math symbol \hbar on input line 98.
LaTeX Font Info:    Overwriting math alphabet `\mathfrak' in version `bold'
(Font)                  U/euf/m/n --> U/euf/b/n on input line 106.
))
(C:\Users\Erick Serrato\AppData\Local\Programs\MiKTeX\tex/latex/tools\bm.sty
Package: bm 2023/07/08 v1.2f Bold Symbol Support (DPC/FMi)
\symboldoperators=\mathgroup6
\symboldletters=\mathgroup7
\symboldsymbols=\mathgroup8
Package bm Info: No bold for \OMX/lmex/m/n, using \pmb.
Package bm Info: No bold for \U/msa/m/n, using \pmb.
Package bm Info: No bold for \U/msb/m/n, using \pmb.
LaTeX Font Info:    Redeclaring math alphabet \mathbf on input line 149.
)
(C:\Program Files\MiKTeX\tex/latex/physics\physics.sty
Package: physics 

(C:\Users\Erick Serrato\AppData\Local\Programs\MiKTeX\tex/latex/l3packages/xpar
se\xparse.sty
(C:\Users\Erick Serrato\AppData\Local\Programs\MiKTeX\tex/latex/l3kernel\expl3.
sty
Package: expl3 2024-01-04 L3 programming layer (loader) 

(C:\Users\Erick Serrato\AppData\Local\Programs\MiKTeX\tex/latex/l3backend\l3bac
kend-pdftex.def
File: l3backend-pdftex.def 2024-01-04 L3 backend support: PDF output (pdfTeX)
\l__color_backend_stack_int=\count280
\l__pdf_internal_box=\box53
))
Package: xparse 2023-10-10 L3 Experimental document command parser
))
(C:\Users\Erick Serrato\AppData\Local\Programs\MiKTeX\tex/latex/graphics\graphi
cx.sty
Package: graphicx 2021/09/16 v1.2d Enhanced LaTeX Graphics (DPC,SPQR)

(C:\Users\Erick Serrato\AppData\Local\Programs\MiKTeX\tex/latex/graphics\graphi
cs.sty
Package: graphics 2022/03/10 v1.4e Standard LaTeX Graphics (DPC,SPQR)

(C:\Users\Erick Serrato\AppData\Local\Programs\MiKTeX\tex/latex/graphics\trig.s
ty
Package: trig 2021/08/11 v1.11 sin cos tan (DPC)
)
(C:\Users\Erick Serrato\AppData\Local\Programs\MiKTeX\tex/latex/graphics-cfg\gr
aphics.cfg
File: graphics.cfg 2016/06/04 v1.11 sample graphics configuration
)
Package graphics Info: Driver file: pdftex.def on input line 107.

(C:\Users\Erick Serrato\AppData\Local\Programs\MiKTeX\tex/latex/graphics-def\pd
ftex.def
File: pdftex.def 2022/09/22 v1.2b Graphics/color driver for pdftex
))
\Gin@req@height=\dimen159
\Gin@req@width=\dimen160
) (C:\Program Files\MiKTeX\tex/latex/float\float.sty
Package: float 2001/11/08 v1.3d Float enhancements (AL)
\c@float@type=\count281
\float@exts=\toks27
\float@box=\box54
\@float@everytoks=\toks28
\@floatcapt=\box55
)
(C:\Program Files\MiKTeX\tex/latex/caption\caption.sty
Package: caption 2023/08/05 v3.6o Customizing captions (AR)

(C:\Program Files\MiKTeX\tex/latex/caption\caption3.sty
Package: caption3 2023/07/31 v2.4d caption3 kernel (AR)
\caption@tempdima=\dimen161
\captionmargin=\dimen162
\caption@leftmargin=\dimen163
\caption@rightmargin=\dimen164
\caption@width=\dimen165
\caption@indent=\dimen166
\caption@parindent=\dimen167
\caption@hangindent=\dimen168
Package caption Info: Standard document class detected.
)
\c@caption@flags=\count282
\c@continuedfloat=\count283
Package caption Info: float package is loaded.
)
(C:\Program Files\MiKTeX\tex/latex/caption\subcaption.sty
Package: subcaption 2023/07/28 v1.6b Sub-captions (AR)
Package caption Info: New subtype `subfigure' on input line 238.
\c@subfigure=\count284
Package caption Info: New subtype `subtable' on input line 238.
\c@subtable=\count285
)
(C:\Program Files\MiKTeX\tex/latex/booktabs\booktabs.sty
Package: booktabs 2020/01/12 v1.61803398 Publication quality tables
\heavyrulewidth=\dimen169
\lightrulewidth=\dimen170
\cmidrulewidth=\dimen171
\belowrulesep=\dimen172
\belowbottomsep=\dimen173
\aboverulesep=\dimen174
\abovetopsep=\dimen175
\cmidrulesep=\dimen176
\cmidrulekern=\dimen177
\defaultaddspace=\dimen178
\@cmidla=\count286
\@cmidlb=\count287
\@aboverulesep=\dimen179
\@belowrulesep=\dimen180
\@thisruleclass=\count288
\@lastruleclass=\count289
\@thisrulewidth=\dimen181
)
(C:\Program Files\MiKTeX\tex/latex/natbib\natbib.sty
Package: natbib 2010/09/13 8.31b (PWD, AO)
\bibhang=\skip53
\bibsep=\skip54
LaTeX Info: Redefining \cite on input line 694.
\c@NAT@ctr=\count290
)
(C:\Users\Erick Serrato\AppData\Local\Programs\MiKTeX\tex/latex/hyperref\hyperr
ef.sty
Package: hyperref 2023-11-26 v7.01g Hypertext links for LaTeX
 (C:\Program Files\MiKTeX\tex/generic/infwarerr\infwarerr.sty
Package: infwarerr 2019/12/03 v1.5 Providing info/warning/error messages (HO)
)
(C:\Program Files\MiKTeX\tex/latex/kvsetkeys\kvsetkeys.sty
Package: kvsetkeys 2022-10-05 v1.19 Key value parser (HO)
)
(C:\Program Files\MiKTeX\tex/generic/kvdefinekeys\kvdefinekeys.sty
Package: kvdefinekeys 2019-12-19 v1.6 Define keys (HO)
)
(C:\Program Files\MiKTeX\tex/generic/pdfescape\pdfescape.sty
Package: pdfescape 2019/12/09 v1.15 Implements pdfTeX's escape features (HO)

(C:\Program Files\MiKTeX\tex/generic/ltxcmds\ltxcmds.sty
Package: ltxcmds 2023-12-04 v1.26 LaTeX kernel commands for general use (HO)
)
(C:\Users\Erick Serrato\AppData\Local\Programs\MiKTeX\tex/generic/pdftexcmds\pd
ftexcmds.sty
Package: pdftexcmds 2020-06-27 v0.33 Utility functions of pdfTeX for LuaTeX (HO
)
Package pdftexcmds Info: \pdf@primitive is available.
Package pdftexcmds Info: \pdf@ifprimitive is available.
Package pdftexcmds Info: \pdfdraftmode found.
)) (C:\Program Files\MiKTeX\tex/latex/hycolor\hycolor.sty
Package: hycolor 2020-01-27 v1.10 Color options for hyperref/bookmark (HO)
)
(C:\Program Files\MiKTeX\tex/latex/letltxmacro\letltxmacro.sty
Package: letltxmacro 2019/12/03 v1.6 Let assignment for LaTeX macros (HO)
)
(C:\Program Files\MiKTeX\tex/latex/auxhook\auxhook.sty
Package: auxhook 2019-12-17 v1.6 Hooks for auxiliary files (HO)
)
(C:\Users\Erick Serrato\AppData\Local\Programs\MiKTeX\tex/latex/hyperref\namere
f.sty
Package: nameref 2023-11-26 v2.56 Cross-referencing by name of section
 (C:\Program Files\MiKTeX\tex/latex/refcount\refcount.sty
Package: refcount 2019/12/15 v3.6 Data extraction from label references (HO)
)
(C:\Program Files\MiKTeX\tex/generic/gettitlestring\gettitlestring.sty
Package: gettitlestring 2019/12/15 v1.6 Cleanup title references (HO)

(C:\Program Files\MiKTeX\tex/latex/kvoptions\kvoptions.sty
Package: kvoptions 2022-06-15 v3.15 Key value format for package options (HO)
))
\c@section@level=\count291
)
(C:\Users\Erick Serrato\AppData\Local\Programs\MiKTeX\tex/latex/etoolbox\etoolb
ox.sty
Package: etoolbox 2020/10/05 v2.5k e-TeX tools for LaTeX (JAW)
\etb@tempcnta=\count292
)
\@linkdim=\dimen182
\Hy@linkcounter=\count293
\Hy@pagecounter=\count294

(C:\Users\Erick Serrato\AppData\Local\Programs\MiKTeX\tex/latex/hyperref\pd1enc
.def
File: pd1enc.def 2023-11-26 v7.01g Hyperref: PDFDocEncoding definition (HO)
Now handling font encoding PD1 ...
... no UTF-8 mapping file for font encoding PD1
) (C:\Program Files\MiKTeX\tex/generic/intcalc\intcalc.sty
Package: intcalc 2019/12/15 v1.3 Expandable calculations with integers (HO)
)
\Hy@SavedSpaceFactor=\count295

(C:\Users\Erick Serrato\AppData\Local\Programs\MiKTeX\tex/latex/hyperref\puenc.
def
File: puenc.def 2023-11-26 v7.01g Hyperref: PDF Unicode definition (HO)
Now handling font encoding PU ...
... no UTF-8 mapping file for font encoding PU
)
Package hyperref Info: Hyper figures OFF on input line 4181.
Package hyperref Info: Link nesting OFF on input line 4186.
Package hyperref Info: Hyper index ON on input line 4189.
Package hyperref Info: Plain pages OFF on input line 4196.
Package hyperref Info: Backreferencing OFF on input line 4201.
Package hyperref Info: Implicit mode ON; LaTeX internals redefined.
Package hyperref Info: Bookmarks ON on input line 4448.
\c@Hy@tempcnt=\count296

(C:\Users\Erick Serrato\AppData\Local\Programs\MiKTeX\tex/latex/url\url.sty
\Urlmuskip=\muskip17
Package: url 2013/09/16  ver 3.4  Verb mode for urls, etc.
)
LaTeX Info: Redefining \url on input line 4786.
\XeTeXLinkMargin=\dimen183

(C:\Program Files\MiKTeX\tex/generic/bitset\bitset.sty
Package: bitset 2019/12/09 v1.3 Handle bit-vector datatype (HO)

(C:\Program Files\MiKTeX\tex/generic/bigintcalc\bigintcalc.sty
Package: bigintcalc 2019/12/15 v1.5 Expandable calculations on big integers (HO
)
))
\Fld@menulength=\count297
\Field@Width=\dimen184
\Fld@charsize=\dimen185
Package hyperref Info: Hyper figures OFF on input line 6065.
Package hyperref Info: Link nesting OFF on input line 6070.
Package hyperref Info: Hyper index ON on input line 6073.
Package hyperref Info: backreferencing OFF on input line 6080.
Package hyperref Info: Link coloring OFF on input line 6085.
Package hyperref Info: Link coloring with OCG OFF on input line 6090.
Package hyperref Info: PDF/A mode OFF on input line 6095.

(C:\Users\Erick Serrato\AppData\Local\Programs\MiKTeX\tex/latex/base\atbegshi-l
tx.sty
Package: atbegshi-ltx 2021/01/10 v1.0c Emulation of the original atbegshi
package with kernel methods
)
\Hy@abspage=\count298
\c@Item=\count299
\c@Hfootnote=\count300
)
Package hyperref Info: Driver (autodetected): hpdftex.

(C:\Users\Erick Serrato\AppData\Local\Programs\MiKTeX\tex/latex/hyperref\hpdfte
x.def
File: hpdftex.def 2023-11-26 v7.01g Hyperref driver for pdfTeX

(C:\Users\Erick Serrato\AppData\Local\Programs\MiKTeX\tex/latex/base\atveryend-
ltx.sty
Package: atveryend-ltx 2020/08/19 v1.0a Emulation of the original atveryend pac
kage
with kernel methods
)
\Fld@listcount=\count301
\c@bookmark@seq@number=\count302
 (C:\Program Files\MiKTeX\tex/latex/rerunfilecheck\rerunfilecheck.sty
Package: rerunfilecheck 2025-06-21 v1.11 Rerun checks for auxiliary files (HO)

(C:\Program Files\MiKTeX\tex/generic/uniquecounter\uniquecounter.sty
Package: uniquecounter 2019/12/15 v1.4 Provide unlimited unique counter (HO)
)
Package uniquecounter Info: New unique counter `rerunfilecheck' on input line 2
84.
)
\Hy@SectionHShift=\skip55
)
Package hyperref Info: Option `colorlinks' set `true' on input line 27.
)
LaTeX Font Info:    Trying to load font information for T1+lmr on input line 5.


(C:\Users\Erick Serrato\AppData\Local\Programs\MiKTeX\tex/latex/lm\t1lmr.fd
File: t1lmr.fd 2015/05/01 v1.6.1 Font defs for Latin Modern
)
(main.aux
LaTeX Info: Redefining \. on input line 11.
LaTeX Info: Redefining \% on input line 11.
 (chapters/01_introduccion.aux) (chapters/02_estado_arte.aux)
(chapters/03_modelo.aux) (chapters/04_analisis.aux)
(chapters/05_dinamica_espacial.aux) (chapters/06_control.aux)
(chapters/07_discusion.aux) (chapters/08_conclusiones.aux)
(appendices/A_estabilidad.aux) (appendices/B_numerico.aux))
\openout1 = `main.aux'.

LaTeX Font Info:    Checking defaults for OML/cmm/m/it on input line 5.
LaTeX Font Info:    ... okay on input line 5.
LaTeX Font Info:    Checking defaults for OMS/cmsy/m/n on input line 5.
LaTeX Font Info:    ... okay on input line 5.
LaTeX Font Info:    Checking defaults for OT1/cmr/m/n on input line 5.
LaTeX Font Info:    ... okay on input line 5.
LaTeX Font Info:    Checking defaults for T1/cmr/m/n on input line 5.
LaTeX Font Info:    ... okay on input line 5.
LaTeX Font Info:    Checking defaults for TS1/cmr/m/n on input line 5.
LaTeX Font Info:    ... okay on input line 5.
LaTeX Font Info:    Checking defaults for OMX/cmex/m/n on input line 5.
LaTeX Font Info:    ... okay on input line 5.
LaTeX Font Info:    Checking defaults for U/cmr/m/n on input line 5.
LaTeX Font Info:    ... okay on input line 5.
LaTeX Font Info:    Checking defaults for PD1/pdf/m/n on input line 5.
LaTeX Font Info:    ... okay on input line 5.
LaTeX Font Info:    Checking defaults for PU/pdf/m/n on input line 5.
LaTeX Font Info:    ... okay on input line 5.
LaTeX Info: Redefining \. on input line 5.
LaTeX Info: Redefining \% on input line 5.

*geometry* driver: auto-detecting
*geometry* detected driver: pdftex
*geometry* verbose mode - [ preamble ] result:
* driver: pdftex
* paper: <default>
* layout: <same size as paper>
* layoutoffset:(h,v)=(0.0pt,0.0pt)
* modes: 
* h-part:(L,W,R)=(85.35826pt, 443.57848pt, 85.35826pt)
* v-part:(T,H,B)=(85.35826pt, 624.25346pt, 85.35826pt)
* \paperwidth=614.295pt
* \paperheight=794.96999pt
* \textwidth=443.57848pt
* \textheight=624.25346pt
* \oddsidemargin=13.08827pt
* \evensidemargin=13.08827pt
* \topmargin=-23.91173pt
* \headheight=12.0pt
* \headsep=25.0pt
* \topskip=12.0pt
* \footskip=30.0pt
* \marginparwidth=44.0pt
* \marginparsep=10.0pt
* \columnsep=10.0pt
* \skip\footins=10.8pt plus 4.0pt minus 2.0pt
* \hoffset=0.0pt
* \voffset=0.0pt
* \mag=1000
* \@twocolumnfalse
* \@twosidefalse
* \@mparswitchfalse
* \@reversemarginfalse
* (1in=72.27pt=25.4mm, 1cm=28.453pt)


(C:\Users\Erick Serrato\AppData\Local\Programs\MiKTeX\tex/context/base/mkii\sup
p-pdf.mkii
[Loading MPS to PDF converter (version 2006.09.02).]
\scratchcounter=\count303
\scratchdimen=\dimen186
\scratchbox=\box56
\nofMPsegments=\count304
\nofMParguments=\count305
\everyMPshowfont=\toks29
\MPscratchCnt=\count306
\MPscratchDim=\dimen187
\MPnumerator=\count307
\makeMPintoPDFobject=\count308
\everyMPtoPDFconversion=\toks30
)
(C:\Users\Erick Serrato\AppData\Local\Programs\MiKTeX\tex/latex/epstopdf-pkg\ep
stopdf-base.sty
Package: epstopdf-base 2020-01-24 v2.11 Base part for package epstopdf
Package epstopdf-base Info: Redefining graphics rule for `.eps' on input line 4
85.

(C:\Users\Erick Serrato\AppData\Local\Programs\MiKTeX\tex/latex/00miktex\epstop
df-sys.cfg
File: epstopdf-sys.cfg 2021/03/18 v2.0 Configuration of epstopdf for MiKTeX
))
Package caption Info: Begin \AtBeginDocument code.
Package caption Info: hyperref package is loaded.
Package caption Info: End \AtBeginDocument code.

(C:\Users\Erick Serrato\AppData\Local\Programs\MiKTeX\tex/latex/graphics\color.
sty
Package: color 2022/01/06 v1.3d Standard LaTeX Color (DPC)

(C:\Users\Erick Serrato\AppData\Local\Programs\MiKTeX\tex/latex/graphics-cfg\co
lor.cfg
File: color.cfg 2016/01/02 v1.6 sample color configuration
)
Package color Info: Driver file: pdftex.def on input line 149.

(C:\Users\Erick Serrato\AppData\Local\Programs\MiKTeX\tex/latex/graphics\mathco
lor.ltx))
Package hyperref Info: Link coloring ON on input line 5.
 (main.out) (main.out)
\@outlinefile=\write3
\openout3 = `main.out'.

 [1

{C:/Users/Erick Serrato/AppData/Local/MiKTeX/fonts/map/pdftex/pdftex.map}{C:/Us
ers/Erick Serrato/AppData/Local/Programs/MiKTeX/fonts/enc/dvips/lm/lm-ec.enc}] 
[1

] [2

] (main.toc
LaTeX Info: Redefining \. on input line 1.
LaTeX Info: Redefining \% on input line 1.


LaTeX Font Warning: Font shape `T1/lmr/bx/sc' undefined
(Font)              using `T1/lmr/bx/n' instead on input line 2.


Package spanish Warning: Replacing `T1/lmr/bx/sc' by 
(spanish)                faked small caps on input line 2.


Package spanish Warning: Replacing `T1/lmr/bx/sc' by 
(spanish)                faked small caps on input line 3.


Package spanish Warning: Replacing `T1/lmr/bx/sc' by 
(spanish)                faked small caps on input line 4.


Package spanish Warning: Replacing `T1/lmr/bx/sc' by 
(spanish)                faked small caps on input line 5.

LaTeX Font Info:    Trying to load font information for OT1+lmr on input line 7
.
(C:\Users\Erick Serrato\AppData\Local\Programs\MiKTeX\tex/latex/lm\ot1lmr.fd
File: ot1lmr.fd 2015/05/01 v1.6.1 Font defs for Latin Modern
)
LaTeX Font Info:    Trying to load font information for OML+lmm on input line 7
.

(C:\Users\Erick Serrato\AppData\Local\Programs\MiKTeX\tex/latex/lm\omllmm.fd
File: omllmm.fd 2015/05/01 v1.6.1 Font defs for Latin Modern
)
LaTeX Font Info:    Trying to load font information for OMS+lmsy on input line 
7.

(C:\Users\Erick Serrato\AppData\Local\Programs\MiKTeX\tex/latex/lm\omslmsy.fd
File: omslmsy.fd 2015/05/01 v1.6.1 Font defs for Latin Modern
)
LaTeX Font Info:    Trying to load font information for OMX+lmex on input line 
7.

(C:\Users\Erick Serrato\AppData\Local\Programs\MiKTeX\tex/latex/lm\omxlmex.fd
File: omxlmex.fd 2015/05/01 v1.6.1 Font defs for Latin Modern
)
LaTeX Font Info:    External font `lmex10' loaded for size
(Font)              <12> on input line 7.
LaTeX Font Info:    External font `lmex10' loaded for size
(Font)              <8> on input line 7.
LaTeX Font Info:    External font `lmex10' loaded for size
(Font)              <6> on input line 7.
LaTeX Font Info:    Trying to load font information for U+msa on input line 7.

(C:\Users\Erick Serrato\AppData\Local\Programs\MiKTeX\tex/latex/amsfonts\umsa.f
d
File: umsa.fd 2013/01/14 v3.01 AMS symbols A
)
LaTeX Font Info:    Trying to load font information for U+msb on input line 7.

(C:\Users\Erick Serrato\AppData\Local\Programs\MiKTeX\tex/latex/amsfonts\umsb.f
d
File: umsb.fd 2013/01/14 v3.01 AMS symbols B
) [3

] [4{C:/Users/Erick Serrato/AppData/Local/Programs/MiKTeX/fonts/enc/dvips/lm/lm
-mathit.enc}{C:/Users/Erick Serrato/AppData/Local/Programs/MiKTeX/fonts/enc/dvi
ps/lm/lm-rm.enc}])
\tf@toc=\write4
\openout4 = `main.toc'.

 [5] (main.lof
LaTeX Info: Redefining \. on input line 1.
LaTeX Info: Redefining \% on input line 1.
 [6

])
\tf@lof=\write5
\openout5 = `main.lof'.

 [7] (main.lot
LaTeX Info: Redefining \. on input line 1.
LaTeX Info: Redefining \% on input line 1.
)
\tf@lot=\write6
\openout6 = `main.lot'.

 [8

{C:/Users/Erick Serrato/AppData/Local/Programs/MiKTeX/fonts/enc/dvips/lm/lm-mat
hsy.enc}]
\openout2 = `chapters/01_introduccion.aux'.


(chapters/01_introduccion.tex
Cap\'{\i }tulo 1.

pdfTeX warning (ext4): destination with the same identifier (name{page.1}) has 
been already used, duplicate ignored
<to be read again> 
                   \relax 
l.14 
      [1



]) [2]
\openout2 = `chapters/02_estado_arte.aux'.

 (chapters/02_estado_arte.tex
Cap\'{\i }tulo 2.
[3




{C:/Users/Erick Serrato/AppData/Local/Programs/MiKTeX/fonts/enc/dvips/lm/lm-mat
hex.enc}]) [4]
\openout2 = `chapters/03_modelo.aux'.

 (chapters/03_modelo.tex
Cap\'{\i }tulo 3.
[5




] [6]
LaTeX Font Info:    External font `lmex10' loaded for size
(Font)              <17.28> on input line 64.
LaTeX Font Info:    External font `lmex10' loaded for size
(Font)              <10> on input line 64.


Package hyperref Warning: Token not allowed in a PDF string (Unicode):
(hyperref)                removing `math shift' on input line 64.


Package hyperref Warning: Token not allowed in a PDF string (Unicode):
(hyperref)                removing `math shift' on input line 64.

) [7]
\openout2 = `chapters/04_analisis.aux'.

 (chapters/04_analisis.tex
Cap\'{\i }tulo 4.
<images/steady.png, id=503, 381.89735pt x 358.51588pt>
File: images/steady.png Graphic file (type png)
<use images/steady.png>
Package pdftex.def Info: images/steady.png  used on input line 12.
(pdftex.def)             Requested size: 199.60895pt x 187.38666pt.
<images/steady_mu0.png, id=504, 378.3547pt x 355.68176pt>
File: images/steady_mu0.png Graphic file (type png)
<use images/steady_mu0.png>
Package pdftex.def Info: images/steady_mu0.png  used on input line 13.
(pdftex.def)             Requested size: 199.60895pt x 187.64749pt.
LaTeX Font Info:    External font `lmex10' loaded for size
(Font)              <10.95> on input line 14.

Overfull \hbox (8.72763pt too wide) in paragraph at lines 19--20
[]\T1/lmr/m/n/12 Se lis-tan pun-tos ines-ta-bles usa-dos co-mo con-di-cio-nes i
ni-cia-les en ba-rri-dos Weak/Strong,
 []

LaTeX Font Info:    External font `lmex10' loaded for size
(Font)              <5> on input line 24.
[8




 <./images/steady.png (PNG copy)> <./images/steady_mu0.png (PNG copy)>]
[9]
LaTeX Font Info:    Trying to load font information for T1+lmtt on input line 8
9.

(C:\Users\Erick Serrato\AppData\Local\Programs\MiKTeX\tex/latex/lm\t1lmtt.fd
File: t1lmtt.fd 2015/05/01 v1.6.1 Font defs for Latin Modern
)

Package hyperref Warning: Token not allowed in a PDF string (Unicode):
(hyperref)                removing `math shift' on input line 93.


Package hyperref Warning: Token not allowed in a PDF string (Unicode):
(hyperref)                removing `\mu' on input line 93.


Package hyperref Warning: Token not allowed in a PDF string (Unicode):
(hyperref)                removing `math shift' on input line 93.

[10]) [11]
\openout2 = `chapters/05_dinamica_espacial.aux'.

 (chapters/05_dinamica_espacial.tex
Cap\'{\i }tulo 5.
<images/fields_mu_0.png, id=530, 1084.05pt x 578.16pt>
File: images/fields_mu_0.png Graphic file (type png)
<use images/fields_mu_0.png>
Package pdftex.def Info: images/fields_mu_0.png  used on input line 16.
(pdftex.def)             Requested size: 443.57016pt x 174.79028pt.
LaTeX Font Info:    External font `lmex10' loaded for size
(Font)              <7> on input line 17.
<images/fields_mu_1.png, id=532, 1084.05pt x 578.16pt>
File: images/fields_mu_1.png Graphic file (type png)
<use images/fields_mu_1.png>
Package pdftex.def Info: images/fields_mu_1.png  used on input line 21.
(pdftex.def)             Requested size: 443.57016pt x 174.79028pt.
[12




]
LaTeX Font Info:    External font `lmex10' loaded for size
(Font)              <14.4> on input line 30.


Package hyperref Warning: Token not allowed in a PDF string (Unicode):
(hyperref)                removing `math shift' on input line 30.


Package hyperref Warning: Token not allowed in a PDF string (Unicode):
(hyperref)                removing `math shift' on input line 30.

<images/power_spectrum_c_0.000.png, id=539, 578.16pt x 578.16pt>
File: images/power_spectrum_c_0.000.png Graphic file (type png)
<use images/power_spectrum_c_0.000.png>
Package pdftex.def Info: images/power_spectrum_c_0.000.png  used on input line 
35.
(pdftex.def)             Requested size: 199.60895pt x 199.60657pt.
<images/power_spectrum_c_1.000.png, id=540, 578.16pt x 578.16pt>
File: images/power_spectrum_c_1.000.png Graphic file (type png)
<use images/power_spectrum_c_1.000.png>
Package pdftex.def Info: images/power_spectrum_c_1.000.png  used on input line 
41.
(pdftex.def)             Requested size: 199.60895pt x 199.60657pt.
[13 <./images/fields_mu_0.png> <./images/fields_mu_1.png>]
<images/correlation_mean_c_c.png, id=547, 722.7pt x 433.62pt>
File: images/correlation_mean_c_c.png Graphic file (type png)
<use images/correlation_mean_c_c.png>
Package pdftex.def Info: images/correlation_mean_c_c.png  used on input line 52
.
(pdftex.def)             Requested size: 288.32329pt x 172.995pt.
<images/correlation_mean_s_s.png, id=548, 722.7pt x 433.62pt>
File: images/correlation_mean_s_s.png Graphic file (type png)
<use images/correlation_mean_s_s.png>
Package pdftex.def Info: images/correlation_mean_s_s.png  used on input line 58
.
(pdftex.def)             Requested size: 288.32329pt x 172.995pt.
<images/correlation_mean_i_i.png, id=549, 722.7pt x 433.62pt>
File: images/correlation_mean_i_i.png Graphic file (type png)
<use images/correlation_mean_i_i.png>
Package pdftex.def Info: images/correlation_mean_i_i.png  used on input line 64
.
(pdftex.def)             Requested size: 288.32329pt x 172.995pt.
 [14 <./images/power_spectrum_c_0.000.png> <./images/power_spectrum_c_1.000.png
> <./images/correlation_mean_c_c.png>]
<images/correlation_mean_c_s.png, id=557, 722.7pt x 433.62pt>
File: images/correlation_mean_c_s.png Graphic file (type png)
<use images/correlation_mean_c_s.png>
Package pdftex.def Info: images/correlation_mean_c_s.png  used on input line 70
.
(pdftex.def)             Requested size: 288.32329pt x 172.995pt.
<images/correlation_mean_c_i.png, id=558, 722.7pt x 433.62pt>
File: images/correlation_mean_c_i.png Graphic file (type png)
<use images/correlation_mean_c_i.png>
Package pdftex.def Info: images/correlation_mean_c_i.png  used on input line 76
.
(pdftex.def)             Requested size: 288.32329pt x 172.995pt.
 [15 <./images/correlation_mean_s_s.png> <./images/correlation_mean_i_i.png>]
<images/correlation_mean_s_i.png, id=565, 722.7pt x 433.62pt>
File: images/correlation_mean_s_i.png Graphic file (type png)
<use images/correlation_mean_s_i.png>
Package pdftex.def Info: images/correlation_mean_s_i.png  used on input line 82
.
(pdftex.def)             Requested size: 288.32329pt x 172.995pt.
 [16 <./images/correlation_mean_c_s.png> <./images/correlation_mean_c_i.png>]
<images/fields_strong_mu_0.png, id=573, 1084.05pt x 578.16pt>
File: images/fields_strong_mu_0.png Graphic file (type png)
<use images/fields_strong_mu_0.png>
Package pdftex.def Info: images/fields_strong_mu_0.png  used on input line 94.
(pdftex.def)             Requested size: 443.57016pt x 187.2734pt.
<images/fields_strong_mu_1.png, id=574, 1084.05pt x 578.16pt>
File: images/fields_strong_mu_1.png Graphic file (type png)
<use images/fields_strong_mu_1.png>
Package pdftex.def Info: images/fields_strong_mu_1.png  used on input line 100.

(pdftex.def)             Requested size: 443.57016pt x 187.2734pt.
 [17 <./images/correlation_mean_s_i.png>]
<images/correlation_strong_mean_c_c.png, id=580, 722.7pt x 433.62pt>
File: images/correlation_strong_mean_c_c.png Graphic file (type png)
<use images/correlation_strong_mean_c_c.png>
Package pdftex.def Info: images/correlation_strong_mean_c_c.png  used on input 
line 112.
(pdftex.def)             Requested size: 288.32329pt x 172.995pt.
<images/correlation_strong_mean_s_s.png, id=581, 722.7pt x 433.62pt>
File: images/correlation_strong_mean_s_s.png Graphic file (type png)
<use images/correlation_strong_mean_s_s.png>
Package pdftex.def Info: images/correlation_strong_mean_s_s.png  used on input 
line 118.
(pdftex.def)             Requested size: 288.32329pt x 172.995pt.
 [18 <./images/fields_strong_mu_0.png> <./images/fields_strong_mu_1.png>]
<images/correlation_strong_mean_i_i.png, id=588, 722.7pt x 433.62pt>
File: images/correlation_strong_mean_i_i.png Graphic file (type png)
<use images/correlation_strong_mean_i_i.png>
Package pdftex.def Info: images/correlation_strong_mean_i_i.png  used on input 
line 124.
(pdftex.def)             Requested size: 288.32329pt x 172.995pt.
<images/correlation_strong_mean_c_s.png, id=589, 722.7pt x 433.62pt>
File: images/correlation_strong_mean_c_s.png Graphic file (type png)
<use images/correlation_strong_mean_c_s.png>
Package pdftex.def Info: images/correlation_strong_mean_c_s.png  used on input 
line 130.
(pdftex.def)             Requested size: 288.32329pt x 172.995pt.
 [19 <./images/correlation_strong_mean_c_c.png> <./images/correlation_strong_me
an_s_s.png>]
<images/correlation_strong_mean_c_i.png, id=596, 722.7pt x 433.62pt>
File: images/correlation_strong_mean_c_i.png Graphic file (type png)
<use images/correlation_strong_mean_c_i.png>
Package pdftex.def Info: images/correlation_strong_mean_c_i.png  used on input 
line 136.
(pdftex.def)             Requested size: 288.32329pt x 172.995pt.
<images/correlation_strong_mean_s_i.png, id=597, 722.7pt x 433.62pt>
File: images/correlation_strong_mean_s_i.png Graphic file (type png)
<use images/correlation_strong_mean_s_i.png>
Package pdftex.def Info: images/correlation_strong_mean_s_i.png  used on input 
line 142.
(pdftex.def)             Requested size: 288.32329pt x 172.995pt.
 [20 <./images/correlation_strong_mean_i_i.png> <./images/correlation_strong_me
an_c_s.png>])
[21 <./images/correlation_strong_mean_c_i.png> <./images/correlation_strong_mea
n_s_i.png>]
\openout2 = `chapters/06_control.aux'.

 (chapters/06_control.tex
Cap\'{\i }tulo 6.
[22




]) [23]
\openout2 = `chapters/07_discusion.aux'.

 (chapters/07_discusion.tex
Cap\'{\i }tulo 7.
[24




]) [25]
\openout2 = `chapters/08_conclusiones.aux'.

 (chapters/08_conclusiones.tex
Cap\'{\i }tulo 8.
[26




]) [27] (main.bbl) [28



]
\openout2 = `appendices/A_estabilidad.aux'.

 (appendices/A_estabilidad.tex
Ap\'{e}ndice A.
<images/estabilidad_lineal_weak_mu0.png, id=643, 465.74pt x 257.96375pt>
File: images/estabilidad_lineal_weak_mu0.png Graphic file (type png)
<use images/estabilidad_lineal_weak_mu0.png>
Package pdftex.def Info: images/estabilidad_lineal_weak_mu0.png  used on input 
line 30.
(pdftex.def)             Requested size: 199.60895pt x 110.5601pt.
<images/estabilidad_lineal_weak_mu1.png, id=644, 465.74pt x 257.96375pt>
File: images/estabilidad_lineal_weak_mu1.png Graphic file (type png)
<use images/estabilidad_lineal_weak_mu1.png>
Package pdftex.def Info: images/estabilidad_lineal_weak_mu1.png  used on input 
line 31.
(pdftex.def)             Requested size: 199.60895pt x 110.5601pt.
[29


]
<images/estabilidad_lineal_strong_mu0.png, id=653, 465.74pt x 262.9825pt>
File: images/estabilidad_lineal_strong_mu0.png Graphic file (type png)
<use images/estabilidad_lineal_strong_mu0.png>
Package pdftex.def Info: images/estabilidad_lineal_strong_mu0.png  used on inpu
t line 46.
(pdftex.def)             Requested size: 199.60895pt x 112.71107pt.
<images/estabilidad_lineal_strong_mu1.png, id=654, 465.74pt x 262.9825pt>
File: images/estabilidad_lineal_strong_mu1.png Graphic file (type png)
<use images/estabilidad_lineal_strong_mu1.png>
Package pdftex.def Info: images/estabilidad_lineal_strong_mu1.png  used on inpu
t line 47.
(pdftex.def)             Requested size: 199.60895pt x 112.71107pt.
) [30 <./images/estabilidad_lineal_weak_mu0.png (PNG copy)> <./images/estabilid
ad_lineal_weak_mu1.png (PNG copy)> <./images/estabilidad_lineal_strong_mu0.png 
(PNG copy)> <./images/estabilidad_lineal_strong_mu1.png (PNG copy)>]
\openout2 = `appendices/B_numerico.aux'.


(appendices/B_numerico.tex
Ap\'{e}ndice B.

Overfull \hbox (23.27525pt too wide) in paragraph at lines 6--7
[]\T1/lmr/m/n/12 Notebooks: \T1/lmtt/m/n/12 cancer_dynamics.ipynb \T1/lmr/m/n/1
2 (di-ná-mi-cas), \T1/lmtt/m/n/12 cancer_dynamics_control.ipynb
 []


Overfull \hbox (3.9809pt too wide) in paragraph at lines 6--7
\T1/lmr/m/n/12 (con-trol), \T1/lmtt/m/n/12 steady_states.ipynb \T1/lmr/m/n/12 (
null-cli-nes), \T1/lmtt/m/n/12 correlation_fourier/real.ipynb
 []


Overfull \hbox (152.52368pt too wide) in paragraph at lines 8--9
[]\T1/lmr/m/n/12 Salidas re-cien-tes: \T1/lmtt/m/n/12 steady_states_scan.csv\T1
/lmr/m/n/12 , \T1/lmtt/m/n/12 steady_states_summary.png\T1/lmr/m/n/12 , \T1/lmt
t/m/n/12 steady_states_bars_story.png\T1/lmr/m/n/12 ,
 []

LaTeX Font Info:    Trying to load font information for TS1+lmr on input line 2
0.
(C:\Users\Erick Serrato\AppData\Local\Programs\MiKTeX\tex/latex/lm\ts1lmr.fd
File: ts1lmr.fd 2015/05/01 v1.6.1 Font defs for Latin Modern
)
Overfull \hbox (28.72154pt too wide) in paragraph at lines 20--21
[]\T1/lmr/m/n/12 Discretizar hiper-parámetros y re-ji-lla de se-mi-llas: Weak (
$\OML/lmm/m/it/12 ^^V \OT1/lmr/m/n/12 = 1$\T1/lmr/m/n/12 ) con $\OML/lmm/m/it/1
2 rc \OMS/lmsy/m/n/12 2 f\OT1/lmr/m/n/12 5[]0\OML/lmm/m/it/12 ; \OT1/lmr/m/n/12
 5[]84\OML/lmm/m/it/12 ; \OT1/lmr/m/n/12 6[]5\OMS/lmsy/m/n/12 g$\T1/lmr/m/n/12 
,
 []

[31




]
Overfull \hbox (56.19853pt too wide) in paragraph at lines 24--25
[]\T1/lmr/m/n/12 Persistencia de da-tos en \T1/lmtt/m/n/12 filesystem/mu1/Weak_
Allee/ \T1/lmr/m/n/12 y \T1/lmtt/m/n/12 filesystem/mu1/Strong_Allee/\T1/lmr/m/n
/12 ;
 []

) [32{C:/Users/Erick Serrato/AppData/Local/Programs/MiKTeX/fonts/enc/dvips/lm/l
m-ts1.enc}] (main.aux
LaTeX Info: Redefining \. on input line 11.
LaTeX Info: Redefining \% on input line 11.
 (chapters/01_introduccion.aux)
(chapters/02_estado_arte.aux) (chapters/03_modelo.aux)
(chapters/04_analisis.aux) (chapters/05_dinamica_espacial.aux)
(chapters/06_control.aux) (chapters/07_discusion.aux)
(chapters/08_conclusiones.aux) (appendices/A_estabilidad.aux)
(appendices/B_numerico.aux))
 ***********
LaTeX2e <2023-11-01> patch level 1
L3 programming layer <2024-01-04>
 ***********


LaTeX Font Warning: Some font shapes were not available, defaults substituted.

Package rerunfilecheck Info: File `main.out' has not changed.
(rerunfilecheck)             Checksum: A5903F99B98A8281D28EECA82E94A6C1;12906.
 ) 
Here is how much of TeX's memory you used:
 15567 strings out of 474479
 256888 string characters out of 5739778
 1957542 words of memory out of 5000000
 37357 multiletter control sequences out of 15000+600000
 689131 words of font info for 132 fonts, out of 8000000 for 9000
 1141 hyphenation exceptions out of 8191
 84i,14n,96p,643b,808s stack positions out of 10000i,1000n,20000p,200000b,200000s
<C:/Users/Erick Serrato/AppData/Local/Programs/MiKTeX/fonts/type1/public/lm/l
mbx10.pfb><C:/Users/Erick Serrato/AppData/Local/Programs/MiKTeX/fonts/type1/pub
lic/lm/lmbx12.pfb><C:/Users/Erick Serrato/AppData/Local/Programs/MiKTeX/fonts/t
ype1/public/lm/lmbx8.pfb><C:/Users/Erick Serrato/AppData/Local/Programs/MiKTeX/
fonts/type1/public/lm/lmcsc10.pfb><C:/Users/Erick Serrato/AppData/Local/Program
s/MiKTeX/fonts/type1/public/lm/lmex10.pfb><C:/Users/Erick Serrato/AppData/Local
/Programs/MiKTeX/fonts/type1/public/lm/lmmi10.pfb><C:/Users/Erick Serrato/AppDa
ta/Local/Programs/MiKTeX/fonts/type1/public/lm/lmmi12.pfb><C:/Users/Erick Serra
to/AppData/Local/Programs/MiKTeX/fonts/type1/public/lm/lmmi6.pfb><C:/Users/Eric
k Serrato/AppData/Local/Programs/MiKTeX/fonts/type1/public/lm/lmmi8.pfb><C:/Use
rs/Erick Serrato/AppData/Local/Programs/MiKTeX/fonts/type1/public/lm/lmr10.pfb>
<C:/Users/Erick Serrato/AppData/Local/Programs/MiKTeX/fonts/type1/public/lm/lmr
12.pfb><C:/Users/Erick Serrato/AppData/Local/Programs/MiKTeX/fonts/type1/public
/lm/lmr17.pfb><C:/Users/Erick Serrato/AppData/Local/Programs/MiKTeX/fonts/type1
/public/lm/lmr6.pfb><C:/Users/Erick Serrato/AppData/Local/Programs/MiKTeX/fonts
/type1/public/lm/lmr8.pfb><C:/Users/Erick Serrato/AppData/Local/Programs/MiKTeX
/fonts/type1/public/lm/lmri10.pfb><C:/Users/Erick Serrato/AppData/Local/Program
s/MiKTeX/fonts/type1/public/lm/lmri12.pfb><C:/Users/Erick Serrato/AppData/Local
/Programs/MiKTeX/fonts/type1/public/lm/lmsy10.pfb><C:/Users/Erick Serrato/AppDa
ta/Local/Programs/MiKTeX/fonts/type1/public/lm/lmsy6.pfb><C:/Users/Erick Serrat
o/AppData/Local/Programs/MiKTeX/fonts/type1/public/lm/lmsy8.pfb><C:/Users/Erick
 Serrato/AppData/Local/Programs/MiKTeX/fonts/type1/public/lm/lmtt12.pfb>
Output written on main.pdf (41 pages, 4535066 bytes).
PDF statistics:
 814 PDF objects out of 1000 (max. 8388607)
 160 named destinations out of 1000 (max. 500000)
 641 words of extra memory for PDF output out of 10000 (max. 10000000)

