This is pdfTeX, Version 3.141592653-2.6-1.40.29 (TeX Live 2026) (preloaded format=pdflatex 2026.6.26)  26 JUN 2026 04:32
entering extended mode
 restricted \write18 enabled.
 %&-line parsing enabled.
**main.tex
(./main.tex
LaTeX2e <2026-06-01>
L3 programming layer <2026-06-18>
(/usr/local/texlive/2026/texmf-dist/tex/latex/revtex/revtex4-2.cls
Document Class: revtex4-2 2022/06/05 4.2f (https://journals.aps.org/revtex/ for
 documentation)
 Copyright (c) 2019 American Physical Society.
 mailto:revtex@aps.org
 Licensed under the LPPL:
http://www.ctan.org/tex-archive/macros/latex/base/lppl.txt
 Arthur Ogawa <arthur_ogawa at sbcglobal dot net>
 Based on work by David Carlisle <david at dcarlisle.demon.co.uk>
 Version (4.2d--4.2f): Modified by Mark Doyle and Phelype Oleinik
 .
ltxutil[2022/06/05 4.2f utilities package (portions licensed from W. E. Baxter 
web at superscript.com)]
LaTeX Info: Redefining \@centercr on input line 356.
Class revtex4-2 Info: Repairing hyperref-unfriendly LaTeX definition of \mpfoot
note on input line 492.
Class revtex4-2 Info: Repairing broken LateX \@sect on input line 814.
\intertabularlinepenalty=\count276
\@tbpen=\count277
\@arstrutbox@hline=\box53
Class revtex4-2 Info: Repairing broken LaTeX \@xbitor on input line 1845.
Class revtex4-2 Info: Making \typeout \long on input line 2110.
ltxfront[2022/06/05 4.2f frontmatter package (AO,DPC,MD)]
\c@affil=\count278
\c@collab=\count279
\absbox=\box54
ltxgrid[2022/06/05 4.2f page grid package (portions licensed from W. E. Baxter 
web at superscript.com)]
\c@linecount=\count280
\output@latex=\toks17
\box@size@1=\box55
\box@size@2=\box56
\@protection@box=\box57
\@topmark@saved=\toks18
\footins@saved=\box58
\footins@recovered=\box59
\column@recovered=\box60
\pagesofar=\box61
\footsofar=\box62
\pagegrid@col=\count281
Class revtex4-2 Info: Overriding \@vspace, \@vspacer, \@no@pgbk, \@newline, and
 \\  on input line 5676.
\c@part=\count282
\c@section=\count283
\c@subsection=\count284
\c@subsubsection=\count285
\c@paragraph=\count286
\c@subparagraph=\count287
\abovecaptionskip=\skip49
\belowcaptionskip=\skip50
\c@figure=\count288
\fbox@1=\box63
\c@table=\count289
\fbox@2=\box64
\c@video=\count290
\fbox@4=\box65
\@bibdataout=\write3
\widetext@top=\box66
\widetext@bot=\box67
Class revtex4-2 Info: Selecting society aps on input line 7669.
(/usr/local/texlive/2026/texmf-dist/tex/latex/revtex/aps4-2.rtx
File: aps4-2 2022/06/05 4.2f (https://journals.aps.org/revtex/ for documentatio
n)
Class revtex4-2 Info: RevTeX society APS selected on input line 40.
)
Class revtex4-2 Info: Selecting journal pre on input line 7671.
Class revtex4-2 Info: APS journal PRE selected on input line 7672.


Class revtex4-2 Warning: No type size specified, using default 10.

(/usr/local/texlive/2026/texmf-dist/tex/latex/revtex/aps10pt4-2.rtx
File: aps10pt4-2 2022/06/05 4.2f (https://journals.aps.org/revtex/ for document
ation)
Class revtex4-2 Info: RevTeX pointsize 10pt selected on input line 39.
)
(/usr/local/texlive/2026/texmf-dist/tex/latex/textcase/textcase.sty
Package: textcase 2025/02/16 v1.05 Text only upper/lower case changing (DPC)
Package textcase Info: Defining Legacy names on input line 20.
)
(/usr/local/texlive/2026/texmf-dist/tex/latex/url/url.sty
\Urlmuskip=\muskip17
Package: url 2013/09/16  ver 3.4  Verb mode for urls, etc.
)
(/usr/local/texlive/2026/texmf-dist/tex/latex/natbib/natbib.sty
Package: natbib 2010/09/13 8.31b (PWD, AO)
\bibhang=\skip51
\bibsep=\skip52
LaTeX Info: Redefining \cite on input line 694.
\c@NAT@ctr=\count291
)
Class revtex4-2 Info: Repairing natbib's \BibitemShut on input line 7676.

(/usr/local/texlive/2026/texmf-dist/tex/latex/revtex/revsymb4-2.sty
Package: revsymb4-2 2022/06/05 4.2f (https://journals.aps.org/revtex/ for docum
entation)
LaTeX Info: Redefining \REV@mathfrak on input line 128.
))
(/usr/local/texlive/2026/texmf-dist/tex/latex/amsmath/amsmath.sty
Package: amsmath 2026/05/19 v2.18d AMS math features
\@mathmargin=\skip53

For additional information on amsmath, use the `?' option.
(/usr/local/texlive/2026/texmf-dist/tex/latex/amsmath/amstext.sty
Package: amstext 2024/11/17 v2.01 AMS text

(/usr/local/texlive/2026/texmf-dist/tex/latex/amsmath/amsgen.sty
File: amsgen.sty 1999/11/30 v2.0 generic functions
\@emptytoks=\toks19
\ex@=\dimen150
)
LaTeX Info: Redefining \text on input line 28.
)
(/usr/local/texlive/2026/texmf-dist/tex/latex/amsmath/amsbsy.sty
Package: amsbsy 1999/11/29 v1.2d Bold Symbols
\pmbraise@=\dimen151
)
(/usr/local/texlive/2026/texmf-dist/tex/latex/amsmath/amsopn.sty
Package: amsopn 2022/04/08 v2.04 operator names
)
\inf@bad=\count292
LaTeX Info: Redefining \frac on input line 233.
\uproot@=\count293
\leftroot@=\count294
LaTeX Info: Redefining \overline on input line 398.
LaTeX Info: Redefining \colon on input line 409.
\classnum@=\count295
\DOTSCASE@=\count296
LaTeX Info: Redefining \ldots on input line 495.
LaTeX Info: Redefining \dots on input line 498.
LaTeX Info: Redefining \cdots on input line 619.
\Mathstrutbox@=\box68
\strutbox@=\box69
LaTeX Info: Redefining \big on input line 721.
LaTeX Info: Redefining \Big on input line 722.
LaTeX Info: Redefining \bigg on input line 723.
LaTeX Info: Redefining \Bigg on input line 724.
\big@size=\dimen152
LaTeX Font Info:    Redeclaring font encoding OML on input line 742.
LaTeX Font Info:    Redeclaring font encoding OMS on input line 743.
\macc@depth=\count297
LaTeX Info: Redefining \bmod on input line 904.
LaTeX Info: Redefining \pmod on input line 909.
LaTeX Info: Redefining \smash on input line 939.
LaTeX Info: Redefining \relbar on input line 969.
LaTeX Info: Redefining \Relbar on input line 970.
\c@MaxMatrixCols=\count298
\dotsspace@=\muskip18
\c@parentequation=\count299
\dspbrk@lvl=\count300
\tag@help=\toks20
\row@=\count301
\column@=\count302
\maxfields@=\count303
\andhelp@=\toks21
\eqnshift@=\dimen153
\alignsep@=\dimen154
\tagshift@=\dimen155
\tagwidth@=\dimen156
\totwidth@=\dimen157
\lineht@=\dimen158
\@envbody=\toks22
\multlinegap=\skip54
\multlinetaggap=\skip55
\mathdisplay@stack=\toks23
LaTeX Info: Redefining \[ on input line 2965.
LaTeX Info: Redefining \] on input line 2966.
)
(/usr/local/texlive/2026/texmf-dist/tex/latex/amsfonts/amssymb.sty
Package: amssymb 2013/01/14 v3.01 AMS font symbols

(/usr/local/texlive/2026/texmf-dist/tex/latex/amsfonts/amsfonts.sty
Package: amsfonts 2013/01/14 v3.01 Basic AMSFonts support
\symAMSa=\mathgroup4
\symAMSb=\mathgroup5
LaTeX Font Info:    Redeclaring math symbol \hbar on input line 98.
LaTeX Font Info:    Overwriting math alphabet `\mathfrak' in version `bold'
(Font)                  U/euf/m/n --> U/euf/b/n on input line 106.
LaTeX Info: Redefining \frak on input line 111.
LaTeX Info: Redefining \Bbb on input line 113.
))
(/usr/local/texlive/2026/texmf-dist/tex/latex/tools/bm.sty
Package: bm 2025/10/21 v1.2g Bold Symbol Support (DPC/FMi)
\symboldoperators=\mathgroup6
\symboldletters=\mathgroup7
\symboldsymbols=\mathgroup8
Package bm Info: No bold for \OMX/cmex/m/n, using \pmb.
Package bm Info: No bold for \U/msa/m/n, using \pmb.
Package bm Info: No bold for \U/msb/m/n, using \pmb.
LaTeX Font Info:    Redeclaring math alphabet \mathbf on input line 149.
LaTeX Info: Redefining \bm on input line 219.
)
(/usr/local/texlive/2026/texmf-dist/tex/latex/graphics/graphicx.sty
Package: graphicx 2026-05-17 v1.2e Enhanced LaTeX Graphics (DPC,SPQR)

(/usr/local/texlive/2026/texmf-dist/tex/latex/graphics/keyval.sty
Package: keyval 2026-05-17 v1.15 key=value parser (DPC)
\KV@toks@=\toks24
)
(/usr/local/texlive/2026/texmf-dist/tex/latex/graphics/graphics.sty
Package: graphics 2026-05-17 v1.4h Standard LaTeX Graphics (DPC,SPQR)

(/usr/local/texlive/2026/texmf-dist/tex/latex/graphics/trig.sty
Package: trig 2023/12/02 v1.11 sin cos tan (DPC)
)
(/usr/local/texlive/2026/texmf-dist/tex/latex/graphics-cfg/graphics.cfg
File: graphics.cfg 2016/06/04 v1.11 sample graphics configuration
)
Package graphics Info: Driver file: pdftex.def on input line 106.

(/usr/local/texlive/2026/texmf-dist/tex/latex/graphics-def/pdftex.def
File: pdftex.def 2025/09/29 v1.2d Graphics/color driver for pdftex
))
\Gin@req@height=\dimen159
\Gin@req@width=\dimen160
)
(/usr/local/texlive/2026/texmf-dist/tex/latex/physics/physics.sty
Package: physics 

(/usr/local/texlive/2026/texmf-dist/tex/latex/l3packages/xparse/xparse.sty
(/usr/local/texlive/2026/texmf-dist/tex/latex/l3kernel/expl3.sty
Package: expl3 2026-06-18 L3 programming layer (loader) 

(/usr/local/texlive/2026/texmf-dist/tex/latex/l3backend/l3backend-pdftex.def
File: l3backend-pdftex.def 2026-02-18 L3 backend support: PDF output (pdfTeX)
\l__color_backend_stack_int=\count304
))
Package: xparse 2025-10-09 L3 Experimental document command parser
)) (/usr/local/texlive/2026/texmf-dist/tex/latex/hyperref/hyperref.sty
Package: hyperref 2026-06-17 v7.01r Hypertext links for LaTeX

(/usr/local/texlive/2026/texmf-dist/tex/generic/iftex/iftex.sty
Package: iftex 2024/12/12 v1.0g TeX engine tests
)
(/usr/local/texlive/2026/texmf-dist/tex/latex/kvsetkeys/kvsetkeys.sty
Package: kvsetkeys 2022-10-05 v1.19 Key value parser (HO)
)
(/usr/local/texlive/2026/texmf-dist/tex/generic/kvdefinekeys/kvdefinekeys.sty
Package: kvdefinekeys 2019-12-19 v1.6 Define keys (HO)
)
(/usr/local/texlive/2026/texmf-dist/tex/generic/pdfescape/pdfescape.sty
Package: pdfescape 2019/12/09 v1.15 Implements pdfTeX's escape features (HO)

(/usr/local/texlive/2026/texmf-dist/tex/generic/ltxcmds/ltxcmds.sty
Package: ltxcmds 2023-12-04 v1.26 LaTeX kernel commands for general use (HO)
)
(/usr/local/texlive/2026/texmf-dist/tex/generic/pdftexcmds/pdftexcmds.sty
Package: pdftexcmds 2020-06-27 v0.33 Utility functions of pdfTeX for LuaTeX (HO
)

(/usr/local/texlive/2026/texmf-dist/tex/generic/infwarerr/infwarerr.sty
Package: infwarerr 2019/12/03 v1.5 Providing info/warning/error messages (HO)
)
Package pdftexcmds Info: \pdf@primitive is available.
Package pdftexcmds Info: \pdf@ifprimitive is available.
Package pdftexcmds Info: \pdfdraftmode found.
))
(/usr/local/texlive/2026/texmf-dist/tex/latex/hycolor/hycolor.sty
Package: hycolor 2020-01-27 v1.10 Color options for hyperref/bookmark (HO)
)
(/usr/local/texlive/2026/texmf-dist/tex/latex/hyperref/nameref.sty
Package: nameref 2026-01-29 v2.58 Cross-referencing by name of section

(/usr/local/texlive/2026/texmf-dist/tex/latex/refcount/refcount.sty
Package: refcount 2019/12/15 v3.6 Data extraction from label references (HO)
)
(/usr/local/texlive/2026/texmf-dist/tex/generic/gettitlestring/gettitlestring.s
ty
Package: gettitlestring 2019/12/15 v1.6 Cleanup title references (HO)
 (/usr/local/texlive/2026/texmf-dist/tex/latex/kvoptions/kvoptions.sty
Package: kvoptions 2022-06-15 v3.15 Key value format for package options (HO)
))

Package nameref Warning: The definition of \label has changed! 
(nameref)                Check your packages! 
(nameref)                Replacing it with the kernel definition on input line 
161.

\c@section@level=\count305
) (/usr/local/texlive/2026/texmf-dist/tex/latex/etoolbox/etoolbox.sty
Package: etoolbox 2025/10/02 v2.5m e-TeX tools for LaTeX (JAW)
\etb@tempcnta=\count306
)
(/usr/local/texlive/2026/texmf-dist/tex/generic/stringenc/stringenc.sty
Package: stringenc 2019/11/29 v1.12 Convert strings between diff. encodings (HO
)
)
\@linkdim=\dimen161
\Hy@linkcounter=\count307
\Hy@pagecounter=\count308

(/usr/local/texlive/2026/texmf-dist/tex/latex/hyperref/pd1enc.def
File: pd1enc.def 2026-06-17 v7.01r Hyperref: PDFDocEncoding definition (HO)
Now handling font encoding PD1 ...
... no UTF-8 mapping file for font encoding PD1
)
(/usr/local/texlive/2026/texmf-dist/tex/generic/intcalc/intcalc.sty
Package: intcalc 2019/12/15 v1.3 Expandable calculations with integers (HO)
)
\Hy@SavedSpaceFactor=\count309

(/usr/local/texlive/2026/texmf-dist/tex/latex/hyperref/puenc.def
File: puenc.def 2026-06-17 v7.01r Hyperref: PDF Unicode definition (HO)
Now handling font encoding PU ...
... no UTF-8 mapping file for font encoding PU
)
Package hyperref Info: Option `final' set `true' on input line 4070.
Package hyperref Info: Hyper figures OFF on input line 4199.
Package hyperref Info: Link nesting OFF on input line 4204.
Package hyperref Info: Hyper index ON on input line 4207.
Package hyperref Info: Plain pages OFF on input line 4214.
Package hyperref Info: Backreferencing OFF on input line 4219.
Package hyperref Info: Implicit mode ON; LaTeX internals redefined.
Package hyperref Info: Bookmarks ON on input line 4466.
LaTeX Info: Redefining \href on input line 4716.
\c@Hy@tempcnt=\count310
LaTeX Info: Redefining \url on input line 4805.
\XeTeXLinkMargin=\dimen162

(/usr/local/texlive/2026/texmf-dist/tex/generic/bitset/bitset.sty
Package: bitset 2019/12/09 v1.3 Handle bit-vector datatype (HO)

(/usr/local/texlive/2026/texmf-dist/tex/generic/bigintcalc/bigintcalc.sty
Package: bigintcalc 2019/12/15 v1.5 Expandable calculations on big integers (HO
)
))
\Fld@menulength=\count311
\Field@Width=\dimen163
\Fld@charsize=\dimen164
Package hyperref Info: Hyper figures OFF on input line 6091.
Package hyperref Info: Link nesting OFF on input line 6096.
Package hyperref Info: Hyper index ON on input line 6099.
Package hyperref Info: backreferencing OFF on input line 6106.
Package hyperref Info: Link coloring OFF on input line 6111.
Package hyperref Info: Link coloring with OCG OFF on input line 6116.
Package hyperref Info: PDF/A mode OFF on input line 6121.
\Hy@abspage=\count312
\c@Item=\count313
\c@Hfootnote=\count314
)
Package hyperref Info: Driver (autodetected): hpdftex.

(/usr/local/texlive/2026/texmf-dist/tex/latex/hyperref/hpdftex.def
File: hpdftex.def 2026-06-17 v7.01r Hyperref driver for pdfTeX
\Fld@listcount=\count315
\c@bookmark@seq@number=\count316

(/usr/local/texlive/2026/texmf-dist/tex/latex/rerunfilecheck/rerunfilecheck.sty
Package: rerunfilecheck 2025-06-21 v1.11 Rerun checks for auxiliary files (HO)

(/usr/local/texlive/2026/texmf-dist/tex/generic/uniquecounter/uniquecounter.sty
Package: uniquecounter 2019/12/15 v1.4 Provide unlimited unique counter (HO)
)
Package uniquecounter Info: New unique counter `rerunfilecheck' on input line 2
84.
)
\Hy@SectionHShift=\skip56
) (/usr/local/texlive/2026/texmf-dist/tex/latex/booktabs/booktabs.sty
Package: booktabs 2020/01/12 v1.61803398 Publication quality tables
\heavyrulewidth=\dimen165
\lightrulewidth=\dimen166
\cmidrulewidth=\dimen167
\belowrulesep=\dimen168
\belowbottomsep=\dimen169
\aboverulesep=\dimen170
\abovetopsep=\dimen171
\cmidrulesep=\dimen172
\cmidrulekern=\dimen173
\defaultaddspace=\dimen174
\@cmidla=\count317
\@cmidlb=\count318
\@aboverulesep=\dimen175
\@belowrulesep=\dimen176
\@thisruleclass=\count319
\@lastruleclass=\count320
\@thisrulewidth=\dimen177
)
(/usr/local/texlive/2026/texmf-dist/tex/latex/caption/subcaption.sty
Package: subcaption 2023/07/28 v1.6b Sub-captions (AR)

(/usr/local/texlive/2026/texmf-dist/tex/latex/caption/caption.sty
Package: caption 2023/08/05 v3.6o Customizing captions (AR)

(/usr/local/texlive/2026/texmf-dist/tex/latex/caption/caption3.sty
Package: caption3 2023/07/31 v2.4d caption3 kernel (AR)
\caption@tempdima=\dimen178
\captionmargin=\dimen179
\caption@leftmargin=\dimen180
\caption@rightmargin=\dimen181
\caption@width=\dimen182
\caption@indent=\dimen183
\caption@parindent=\dimen184
\caption@hangindent=\dimen185
Package caption Info: Unknown document class (or package),
(caption)             standard defaults will be used.
Package caption Info: \@makecaption = \long macro:#1#2->\par \vskip \abovecapti
onskip \begingroup \small \rmfamily \sbox \@tempboxa {\let \\\heading@cr \@make
@capt@title {#1}{#2}}\@ifdim {\wd \@tempboxa >\hsize }{\begingroup \samepage \f
lushing \let \footnote \@footnotemark@gobble \@make@capt@title {#1}{#2}\par \en
dgroup }{\global \@minipagefalse \hb@xt@ \hsize {\hfil \unhbox \@tempboxa \hfil
 }}\endgroup \vskip \belowcaptionskip  on input line 1175.
)

Package caption Warning: Unknown document class (or package),
(caption)                standard defaults will be used.
See the caption package documentation for explanation.

\c@caption@flags=\count321
\c@continuedfloat=\count322
Package caption Info: hyperref package is loaded.
)
Package caption Info: New subtype `subfigure' on input line 238.
\c@subfigure=\count323
Package caption Info: New subtype `subtable' on input line 238.
\c@subtable=\count324
)
Class revtex4-2 Info: Unrecognized LaTeX tabular. Please update this document c
lass! (Proceeding with fingers crossed.) on input line 25.
Class revtex4-2 Info: cite was not loaded (OK!) on input line 25.
Class revtex4-2 Info: mcite was not loaded (OK!) on input line 25.
Class revtex4-2 Info: multicol was not loaded (OK!) on input line 25.
 (./main.aux)
\openout1 = `main.aux'.

LaTeX Font Info:    Checking defaults for OML/cmm/m/it on input line 25.
LaTeX Font Info:    ... okay on input line 25.
LaTeX Font Info:    Checking defaults for OMS/cmsy/m/n on input line 25.
LaTeX Font Info:    ... okay on input line 25.
LaTeX Font Info:    Checking defaults for OT1/cmr/m/n on input line 25.
LaTeX Font Info:    ... okay on input line 25.
LaTeX Font Info:    Checking defaults for T1/cmr/m/n on input line 25.
LaTeX Font Info:    ... okay on input line 25.
LaTeX Font Info:    Checking defaults for TS1/cmr/m/n on input line 25.
LaTeX Font Info:    ... okay on input line 25.
LaTeX Font Info:    Checking defaults for OMX/cmex/m/n on input line 25.
LaTeX Font Info:    ... okay on input line 25.
LaTeX Font Info:    Checking defaults for U/cmr/m/n on input line 25.
LaTeX Font Info:    ... okay on input line 25.
LaTeX Font Info:    Checking defaults for PD1/pdf/m/n on input line 25.
LaTeX Font Info:    ... okay on input line 25.
LaTeX Font Info:    Checking defaults for PU/pdf/m/n on input line 25.
LaTeX Font Info:    ... okay on input line 25.

(/usr/local/texlive/2026/texmf-dist/tex/context/base/mkii/supp-pdf.mkii
[Loading MPS to PDF converter (version 2006.09.02).]
\scratchcounter=\count325
\scratchdimen=\dimen186
\scratchbox=\box70
\nofMPsegments=\count326
\nofMParguments=\count327
\everyMPshowfont=\toks25
\MPscratchCnt=\count328
\MPscratchDim=\dimen187
\MPnumerator=\count329
\makeMPintoPDFobject=\count330
\everyMPtoPDFconversion=\toks26
) (/usr/local/texlive/2026/texmf-dist/tex/latex/epstopdf-pkg/epstopdf-base.sty
Package: epstopdf-base 2020-01-24 v2.11 Base part for package epstopdf
Package epstopdf-base Info: Redefining graphics rule for `.eps' on input line 4
85.

(/usr/local/texlive/2026/texmf-dist/tex/latex/latexconfig/epstopdf-sys.cfg
File: epstopdf-sys.cfg 2010/07/13 v1.3 Configuration of (r)epstopdf for TeX Liv
e
))
Package hyperref Info: Link coloring OFF on input line 25.

(./main.out) (./main.out)
\@outlinefile=\write4
\openout4 = `main.out'.

Package caption Info: Begin \AtBeginDocument code.
Package caption Info: End \AtBeginDocument code.
Class revtex4-2 Info: Taking \maketitle back from hyperref on input line 25.
\openout3 = `mainNotes.bib'.

LaTeX Font Info:    Trying to load font information for U+msa on input line 33.


(/usr/local/texlive/2026/texmf-dist/tex/latex/amsfonts/umsa.fd
File: umsa.fd 2013/01/14 v3.01 AMS symbols A
)
LaTeX Font Info:    Trying to load font information for U+msb on input line 33.


(/usr/local/texlive/2026/texmf-dist/tex/latex/amsfonts/umsb.fd
File: umsb.fd 2013/01/14 v3.01 AMS symbols B
)
(./sections/01_introduction.tex) (./sections/02_model.tex [1{/usr/local/texlive
/2026/texmf-var/fonts/map/pdftex/updmap/pdftex.map}{/usr/local/texlive/2026/tex
mf-dist/fonts/enc/dvips/cm-super/cm-super-ts1.enc}] [2])
(./sections/04_spatial.tex
<figures/steady_states.png, id=152, 715.2321pt x 642.4803pt>
File: figures/steady_states.png Graphic file (type png)
<use figures/steady_states.png>
Package pdftex.def Info: figures/steady_states.png  used on input line 7.
(pdftex.def)             Requested size: 367.20062pt x 329.84679pt.
 (./figures/steady_states_i_table.tex) [3] [4 <./figures/steady_states.png>]
<figures/evol_vector_fields/quiver_Jc_t_0.250.png, id=179, 462.528pt x 397.485p
t>
File: figures/evol_vector_fields/quiver_Jc_t_0.250.png Graphic file (type png)
<use figures/evol_vector_fields/quiver_Jc_t_0.250.png>
Package pdftex.def Info: figures/evol_vector_fields/quiver_Jc_t_0.250.png  used
 on input line 77.
(pdftex.def)             Requested size: 153.00156pt x 131.48584pt.
<figures/evol_vector_fields/quiver_Js_t_0.250.png, id=180, 462.528pt x 397.485p
t>
File: figures/evol_vector_fields/quiver_Js_t_0.250.png Graphic file (type png)
<use figures/evol_vector_fields/quiver_Js_t_0.250.png>
Package pdftex.def Info: figures/evol_vector_fields/quiver_Js_t_0.250.png  used
 on input line 77.
(pdftex.def)             Requested size: 153.00156pt x 131.48584pt.
<figures/evol_vector_fields/quiver_Ji_t_0.250.png, id=181, 462.528pt x 397.485p
t>
File: figures/evol_vector_fields/quiver_Ji_t_0.250.png Graphic file (type png)
<use figures/evol_vector_fields/quiver_Ji_t_0.250.png>
Package pdftex.def Info: figures/evol_vector_fields/quiver_Ji_t_0.250.png  used
 on input line 77.
(pdftex.def)             Requested size: 153.00156pt x 131.48584pt.
<figures/evol_vector_fields/quiver_Jc_t_0.750.png, id=182, 462.528pt x 397.485p
t>
File: figures/evol_vector_fields/quiver_Jc_t_0.750.png Graphic file (type png)
<use figures/evol_vector_fields/quiver_Jc_t_0.750.png>
Package pdftex.def Info: figures/evol_vector_fields/quiver_Jc_t_0.750.png  used
 on input line 78.
(pdftex.def)             Requested size: 153.00156pt x 131.48584pt.
<figures/evol_vector_fields/quiver_Js_t_0.750.png, id=183, 462.528pt x 397.485p
t>
File: figures/evol_vector_fields/quiver_Js_t_0.750.png Graphic file (type png)
<use figures/evol_vector_fields/quiver_Js_t_0.750.png>
Package pdftex.def Info: figures/evol_vector_fields/quiver_Js_t_0.750.png  used
 on input line 78.
(pdftex.def)             Requested size: 153.00156pt x 131.48584pt.
<figures/evol_vector_fields/quiver_Ji_t_0.750.png, id=184, 462.528pt x 397.485p
t>
File: figures/evol_vector_fields/quiver_Ji_t_0.750.png Graphic file (type png)
<use figures/evol_vector_fields/quiver_Ji_t_0.750.png>
Package pdftex.def Info: figures/evol_vector_fields/quiver_Ji_t_0.750.png  used
 on input line 78.
(pdftex.def)             Requested size: 153.00156pt x 131.48584pt.
<figures/evol_vector_fields/quiver_Jc_t_1.000.png, id=185, 462.528pt x 397.485p
t>
File: figures/evol_vector_fields/quiver_Jc_t_1.000.png Graphic file (type png)
<use figures/evol_vector_fields/quiver_Jc_t_1.000.png>
Package pdftex.def Info: figures/evol_vector_fields/quiver_Jc_t_1.000.png  used
 on input line 79.
(pdftex.def)             Requested size: 153.00156pt x 131.48584pt.
<figures/evol_vector_fields/quiver_Js_t_1.000.png, id=186, 462.528pt x 397.485p
t>
File: figures/evol_vector_fields/quiver_Js_t_1.000.png Graphic file (type png)
<use figures/evol_vector_fields/quiver_Js_t_1.000.png>
Package pdftex.def Info: figures/evol_vector_fields/quiver_Js_t_1.000.png  used
 on input line 79.
(pdftex.def)             Requested size: 153.00156pt x 131.48584pt.
<figures/evol_vector_fields/quiver_Ji_t_1.000.png, id=187, 462.528pt x 397.485p
t>
File: figures/evol_vector_fields/quiver_Ji_t_1.000.png Graphic file (type png)
<use figures/evol_vector_fields/quiver_Ji_t_1.000.png>
Package pdftex.def Info: figures/evol_vector_fields/quiver_Ji_t_1.000.png  used
 on input line 79.
(pdftex.def)             Requested size: 153.00156pt x 131.48584pt.
 [5]
<figures/correlations/corr_grid_c_c.png, id=205, 612.689pt x 374.5192pt>
File: figures/correlations/corr_grid_c_c.png Graphic file (type png)
<use figures/correlations/corr_grid_c_c.png>
Package pdftex.def Info: figures/correlations/corr_grid_c_c.png  used on input 
line 109.
(pdftex.def)             Requested size: 244.79782pt x 149.63358pt.
<figures/correlations/corr_grid_s_s.png, id=206, 612.689pt x 374.5192pt>
File: figures/correlations/corr_grid_s_s.png Graphic file (type png)
<use figures/correlations/corr_grid_s_s.png>
Package pdftex.def Info: figures/correlations/corr_grid_s_s.png  used on input 
line 110.
(pdftex.def)             Requested size: 244.79782pt x 149.63358pt.
<figures/correlations/corr_grid_i_i.png, id=207, 612.689pt x 374.5192pt>
File: figures/correlations/corr_grid_i_i.png Graphic file (type png)
<use figures/correlations/corr_grid_i_i.png>
Package pdftex.def Info: figures/correlations/corr_grid_i_i.png  used on input 
line 111.
(pdftex.def)             Requested size: 244.79782pt x 149.63358pt.
<figures/correlations/corr_grid_c_s.png, id=208, 612.689pt x 374.5192pt>
File: figures/correlations/corr_grid_c_s.png Graphic file (type png)
<use figures/correlations/corr_grid_c_s.png>
Package pdftex.def Info: figures/correlations/corr_grid_c_s.png  used on input 
line 116.
(pdftex.def)             Requested size: 244.79782pt x 149.63358pt.
<figures/correlations/corr_grid_c_i.png, id=209, 612.689pt x 374.5192pt>
File: figures/correlations/corr_grid_c_i.png Graphic file (type png)
<use figures/correlations/corr_grid_c_i.png>
Package pdftex.def Info: figures/correlations/corr_grid_c_i.png  used on input 
line 117.
(pdftex.def)             Requested size: 244.79782pt x 149.63358pt.
<figures/correlations/corr_grid_s_i.png, id=210, 612.689pt x 374.5192pt>
File: figures/correlations/corr_grid_s_i.png Graphic file (type png)
<use figures/correlations/corr_grid_s_i.png>
Package pdftex.def Info: figures/correlations/corr_grid_s_i.png  used on input 
line 118.
(pdftex.def)             Requested size: 244.79782pt x 149.63358pt.
) (./sections/05_control.tex [6 <./figures/evol_vector_fields/quiver_Jc_t_0.250
.png> <./figures/evol_vector_fields/quiver_Js_t_0.250.png> <./figures/evol_vect
or_fields/quiver_Ji_t_0.250.png> <./figures/evol_vector_fields/quiver_Jc_t_0.75
0.png> <./figures/evol_vector_fields/quiver_Js_t_0.750.png> <./figures/evol_vec
tor_fields/quiver_Ji_t_0.750.png> <./figures/evol_vector_fields/quiver_Jc_t_1.0
00.png> <./figures/evol_vector_fields/quiver_Js_t_1.000.png> <./figures/evol_ve
ctor_fields/quiver_Ji_t_1.000.png>] [7 <./figures/correlations/corr_grid_c_c.pn
g> <./figures/correlations/corr_grid_s_s.png> <./figures/correlations/corr_grid
_i_i.png> <./figures/correlations/corr_grid_c_s.png> <./figures/correlations/co
rr_grid_c_i.png> <./figures/correlations/corr_grid_s_i.png>]) (./sections/08_th
ermodynamics.tex [8]
<figures/noneq_sigma_diss_comparison.png, id=257, 759.9592pt x 384.1552pt>
File: figures/noneq_sigma_diss_comparison.png Graphic file (type png)
<use figures/noneq_sigma_diss_comparison.png>
Package pdftex.def Info: figures/noneq_sigma_diss_comparison.png  used on input
 line 46.
(pdftex.def)             Requested size: 244.79782pt x 123.74109pt.
<figures/noneq_sigma_c_comparison.png, id=258, 759.9592pt x 384.1552pt>
File: figures/noneq_sigma_c_comparison.png Graphic file (type png)
<use figures/noneq_sigma_c_comparison.png>
Package pdftex.def Info: figures/noneq_sigma_c_comparison.png  used on input li
ne 52.
(pdftex.def)             Requested size: 244.79782pt x 123.74109pt.
<figures/noneq_sigma_s_comparison.png, id=259, 759.9592pt x 384.1552pt>
File: figures/noneq_sigma_s_comparison.png Graphic file (type png)
<use figures/noneq_sigma_s_comparison.png>
Package pdftex.def Info: figures/noneq_sigma_s_comparison.png  used on input li
ne 61.
(pdftex.def)             Requested size: 244.79782pt x 123.74109pt.
<figures/noneq_sigma_i_comparison.png, id=260, 759.9592pt x 384.1552pt>
File: figures/noneq_sigma_i_comparison.png Graphic file (type png)
<use figures/noneq_sigma_i_comparison.png>
Package pdftex.def Info: figures/noneq_sigma_i_comparison.png  used on input li
ne 67.
(pdftex.def)             Requested size: 244.79782pt x 123.74109pt.
 [9 <./figures/noneq_sigma_diss_comparison.png> <./figures/noneq_sigma_c_compar
ison.png> <./figures/noneq_sigma_s_comparison.png> <./figures/noneq_sigma_i_com
parison.png>]
<figures/noneq_mu_c_effective_comparison.png, id=274, 759.9592pt x 384.1552pt>
File: figures/noneq_mu_c_effective_comparison.png Graphic file (type png)
<use figures/noneq_mu_c_effective_comparison.png>
Package pdftex.def Info: figures/noneq_mu_c_effective_comparison.png  used on i
nput line 114.
(pdftex.def)             Requested size: 244.79782pt x 123.74109pt.
<figures/noneq_mu_s_effective_comparison.png, id=275, 759.9592pt x 384.1552pt>
File: figures/noneq_mu_s_effective_comparison.png Graphic file (type png)
<use figures/noneq_mu_s_effective_comparison.png>
Package pdftex.def Info: figures/noneq_mu_s_effective_comparison.png  used on i
nput line 120.
(pdftex.def)             Requested size: 244.79782pt x 123.74109pt.
<figures/noneq_mu_i_effective_comparison.png, id=276, 759.9592pt x 384.1552pt>
File: figures/noneq_mu_i_effective_comparison.png Graphic file (type png)
<use figures/noneq_mu_i_effective_comparison.png>
Package pdftex.def Info: figures/noneq_mu_i_effective_comparison.png  used on i
nput line 129.
(pdftex.def)             Requested size: 244.79782pt x 123.74109pt.
 [10 <./figures/noneq_mu_c_effective_comparison.png> <./figures/noneq_mu_s_effe
ctive_comparison.png> <./figures/noneq_mu_i_effective_comparison.png>])
(./sections/06_discussion.tex [11]) (./sections/07_conclusions.tex) (./main.bbl
[12]) [13] (./main.aux)
 ***********
LaTeX2e <2026-06-01>
L3 programming layer <2026-06-18>
 ***********
Package rerunfilecheck Info: File `main.out' has not changed.
(rerunfilecheck)             Checksum: A7C1CA2D225E7106FE718A0086DBB063;4583.
 ) 
Here is how much of TeX's memory you used:
 14285 strings out of 467168
 225322 string characters out of 5409468
 672354 words of memory out of 5000000
 43269 multiletter control sequences out of 15000+600000
 641391 words of font info for 90 fonts, out of 8000000 for 9000
 1141 hyphenation exceptions out of 8191
 74i,13n,79p,2431b,632s stack positions out of 10000i,1000n,20000p,200000b,200000s
</usr/local/texlive/2026/texmf-dist/fonts/type1/public/amsfonts/cm/cmbx10.pfb
></usr/local/texlive/2026/texmf-dist/fonts/type1/public/amsfonts/cm/cmbx12.pfb>
</usr/local/texlive/2026/texmf-dist/fonts/type1/public/amsfonts/cm/cmbx7.pfb></
usr/local/texlive/2026/texmf-dist/fonts/type1/public/amsfonts/cm/cmbx8.pfb></us
r/local/texlive/2026/texmf-dist/fonts/type1/public/amsfonts/cm/cmbx9.pfb></usr/
local/texlive/2026/texmf-dist/fonts/type1/public/amsfonts/cm/cmex10.pfb></usr/l
ocal/texlive/2026/texmf-dist/fonts/type1/public/amsfonts/cmextra/cmex9.pfb></us
r/local/texlive/2026/texmf-dist/fonts/type1/public/amsfonts/cm/cmmi10.pfb></usr
/local/texlive/2026/texmf-dist/fonts/type1/public/amsfonts/cm/cmmi5.pfb></usr/l
ocal/texlive/2026/texmf-dist/fonts/type1/public/amsfonts/cm/cmmi6.pfb></usr/loc
al/texlive/2026/texmf-dist/fonts/type1/public/amsfonts/cm/cmmi7.pfb></usr/local
/texlive/2026/texmf-dist/fonts/type1/public/amsfonts/cm/cmmi8.pfb></usr/local/t
exlive/2026/texmf-dist/fonts/type1/public/amsfonts/cm/cmmi9.pfb></usr/local/tex
live/2026/texmf-dist/fonts/type1/public/amsfonts/cm/cmr10.pfb></usr/local/texli
ve/2026/texmf-dist/fonts/type1/public/amsfonts/cm/cmr5.pfb></usr/local/texlive/
2026/texmf-dist/fonts/type1/public/amsfonts/cm/cmr6.pfb></usr/local/texlive/202
6/texmf-dist/fonts/type1/public/amsfonts/cm/cmr7.pfb></usr/local/texlive/2026/t
exmf-dist/fonts/type1/public/amsfonts/cm/cmr8.pfb></usr/local/texlive/2026/texm
f-dist/fonts/type1/public/amsfonts/cm/cmr9.pfb></usr/local/texlive/2026/texmf-d
ist/fonts/type1/public/amsfonts/cm/cmsy10.pfb></usr/local/texlive/2026/texmf-di
st/fonts/type1/public/amsfonts/cm/cmsy5.pfb></usr/local/texlive/2026/texmf-dist
/fonts/type1/public/amsfonts/cm/cmsy6.pfb></usr/local/texlive/2026/texmf-dist/f
onts/type1/public/amsfonts/cm/cmsy7.pfb></usr/local/texlive/2026/texmf-dist/fon
ts/type1/public/amsfonts/cm/cmsy9.pfb></usr/local/texlive/2026/texmf-dist/fonts
/type1/public/amsfonts/cm/cmti10.pfb></usr/local/texlive/2026/texmf-dist/fonts/
type1/public/amsfonts/cm/cmti9.pfb></usr/local/texlive/2026/texmf-dist/fonts/ty
pe1/public/amsfonts/cm/cmtt10.pfb></usr/local/texlive/2026/texmf-dist/fonts/typ
e1/public/cm-super/sfrm1000.pfb>
Output written on main.pdf (13 pages, 15926795 bytes).
PDF statistics:
 467 PDF objects out of 1000 (max. 8388607)
 343 compressed objects within 4 object streams
 86 named destinations out of 1000 (max. 500000)
 300 words of extra memory for PDF output out of 10000 (max. 10000000)

